<?xml version="1.0" encoding="UTF-8"?>
<data>
  日本語テキスト<br />
  Convert Shift_JIS to UTF-8.
</data>
