<!DOCTYPE HTML PUBLIC "-//W3C//DTD HTML 4.01 Transitional//EN" "http://www.w3.org/TR/html4/loose.dtd"><html lang=ja><head><meta http-equiv="Content-Type" content="text/html; charset=UTF-8"><title>Document</title><body>日本語テキスト<br>Convert Shift_JIS to UTF-8.
