<!doctype html>
<html lang="ja">
  <head>
    <meta charset="UTF-8">
    <title>Document</title>
  </head>
  <body>
    日本語テキスト<br>
    Convert Shift_JIS to UTF-8.
  </body>
</html>
