<!doctype html><html lang=ja><head><meta charset="UTF-8"><title>Document</title><body>日本語テキスト<br>Convert Shift_JIS to UTF-8.
